mode: set
github.com/xaionaro-go/avpipeline/codec/codec.go:68.39,69.68 1 0
github.com/xaionaro-go/avpipeline/codec/codec.go:69.68,71.3 1 0
github.com/xaionaro-go/avpipeline/codec/codec.go:74.53,75.75 1 0
github.com/xaionaro-go/avpipeline/codec/codec.go:75.75,77.3 1 0
github.com/xaionaro-go/avpipeline/codec/codec.go:80.46,82.2 1 0
github.com/xaionaro-go/avpipeline/codec/codec.go:84.52,85.27 1 0
github.com/xaionaro-go/avpipeline/codec/codec.go:85.27,88.3 2 0
github.com/xaionaro-go/avpipeline/codec/codec.go:89.2,89.35 1 0
github.com/xaionaro-go/avpipeline/codec/codec.go:92.44,94.2 1 0
github.com/xaionaro-go/avpipeline/codec/codec.go:96.50,97.27 1 0
github.com/xaionaro-go/avpipeline/codec/codec.go:97.27,100.3 2 0
github.com/xaionaro-go/avpipeline/codec/codec.go:101.2,101.34 1 0
github.com/xaionaro-go/avpipeline/codec/codec.go:104.71,105.84 1 0
github.com/xaionaro-go/avpipeline/codec/codec.go:105.84,107.3 1 0
github.com/xaionaro-go/avpipeline/codec/codec.go:110.58,111.73 1 0
github.com/xaionaro-go/avpipeline/codec/codec.go:111.73,113.3 1 0
github.com/xaionaro-go/avpipeline/codec/codec.go:116.50,118.2 1 0
github.com/xaionaro-go/avpipeline/codec/codec.go:120.72,122.15 2 0
github.com/xaionaro-go/avpipeline/codec/codec.go:122.15,122.63 1 0
github.com/xaionaro-go/avpipeline/codec/codec.go:123.2,124.15 2 0
github.com/xaionaro-go/avpipeline/codec/codec.go:124.15,128.3 3 0
github.com/xaionaro-go/avpipeline/codec/codec.go:129.2,129.21 1 0
github.com/xaionaro-go/avpipeline/codec/codec.go:129.21,131.3 1 0
github.com/xaionaro-go/avpipeline/codec/codec.go:132.2,132.15 1 0
github.com/xaionaro-go/avpipeline/codec/codec.go:132.15,134.38 2 0
github.com/xaionaro-go/avpipeline/codec/codec.go:134.38,136.21 2 0
github.com/xaionaro-go/avpipeline/codec/codec.go:136.21,138.5 1 0
github.com/xaionaro-go/avpipeline/codec/codec.go:141.2,144.12 4 0
github.com/xaionaro-go/avpipeline/codec/codec.go:147.69,149.2 1 0
github.com/xaionaro-go/avpipeline/codec/codec.go:151.82,152.27 1 0
github.com/xaionaro-go/avpipeline/codec/codec.go:152.27,154.3 1 0
github.com/xaionaro-go/avpipeline/codec/codec.go:155.2,155.45 1 0
github.com/xaionaro-go/avpipeline/codec/codec.go:158.57,160.15 2 0
github.com/xaionaro-go/avpipeline/codec/codec.go:160.15,160.57 1 0
github.com/xaionaro-go/avpipeline/codec/codec.go:161.2,161.51 1 0
github.com/xaionaro-go/avpipeline/codec/codec.go:164.40,165.27 1 0
github.com/xaionaro-go/avpipeline/codec/codec.go:165.27,167.3 1 0
github.com/xaionaro-go/avpipeline/codec/codec.go:168.2,168.32 1 0
github.com/xaionaro-go/avpipeline/codec/codec.go:171.43,172.20 1 0
github.com/xaionaro-go/avpipeline/codec/codec.go:172.20,174.3 1 0
github.com/xaionaro-go/avpipeline/codec/codec.go:175.2,175.28 1 0
github.com/xaionaro-go/avpipeline/codec/codec.go:178.43,179.20 1 0
github.com/xaionaro-go/avpipeline/codec/codec.go:179.20,181.3 1 0
github.com/xaionaro-go/avpipeline/codec/codec.go:182.2,182.28 1 0
github.com/xaionaro-go/avpipeline/codec/codec.go:185.46,186.20 1 0
github.com/xaionaro-go/avpipeline/codec/codec.go:186.20,188.3 1 0
github.com/xaionaro-go/avpipeline/codec/codec.go:189.2,189.57 1 0
github.com/xaionaro-go/avpipeline/codec/codec.go:192.41,193.20 1 0
github.com/xaionaro-go/avpipeline/codec/codec.go:193.20,195.3 1 0
github.com/xaionaro-go/avpipeline/codec/codec.go:196.2,196.52 1 0
github.com/xaionaro-go/avpipeline/codec/codec.go:199.66,201.15 2 0
github.com/xaionaro-go/avpipeline/codec/codec.go:201.15,201.57 1 0
github.com/xaionaro-go/avpipeline/codec/codec.go:202.2,202.27 1 0
github.com/xaionaro-go/avpipeline/codec/codec.go:202.27,204.3 1 0
github.com/xaionaro-go/avpipeline/codec/codec.go:205.2,205.20 1 0
github.com/xaionaro-go/avpipeline/codec/codec.go:205.20,207.3 1 0
github.com/xaionaro-go/avpipeline/codec/codec.go:208.2,208.30 1 0
github.com/xaionaro-go/avpipeline/codec/codec.go:208.30,210.3 1 0
github.com/xaionaro-go/avpipeline/codec/codec.go:211.2,211.20 1 0
github.com/xaionaro-go/avpipeline/codec/codec.go:211.20,215.3 3 0
github.com/xaionaro-go/avpipeline/codec/codec.go:217.2,218.6 2 0
github.com/xaionaro-go/avpipeline/codec/codec.go:218.6,222.14 4 0
github.com/xaionaro-go/avpipeline/codec/codec.go:223.12,225.12 2 0
github.com/xaionaro-go/avpipeline/codec/codec.go:226.22,227.75 1 0
github.com/xaionaro-go/avpipeline/codec/codec.go:228.25,229.17 1 0
github.com/xaionaro-go/avpipeline/codec/codec.go:230.11,231.58 1 0
github.com/xaionaro-go/avpipeline/codec/codec.go:233.3,233.8 1 0
github.com/xaionaro-go/avpipeline/codec/codec.go:235.2,237.50 3 0
github.com/xaionaro-go/avpipeline/codec/codec.go:237.50,240.3 2 0
github.com/xaionaro-go/avpipeline/codec/codec.go:242.2,242.12 1 0
github.com/xaionaro-go/avpipeline/codec/codec.go:248.17,249.21 1 0
github.com/xaionaro-go/avpipeline/codec/codec.go:249.21,251.15 2 0
github.com/xaionaro-go/avpipeline/codec/codec.go:251.15,253.4 1 0
github.com/xaionaro-go/avpipeline/codec/codec.go:255.2,255.36 1 0
github.com/xaionaro-go/avpipeline/codec/codec.go:261.17,262.21 1 0
github.com/xaionaro-go/avpipeline/codec/codec.go:262.21,264.15 2 0
github.com/xaionaro-go/avpipeline/codec/codec.go:264.15,266.4 1 0
github.com/xaionaro-go/avpipeline/codec/codec.go:268.2,268.36 1 0
github.com/xaionaro-go/avpipeline/codec/codec.go:276.24,278.15 2 0
github.com/xaionaro-go/avpipeline/codec/codec.go:278.15,280.3 1 0
github.com/xaionaro-go/avpipeline/codec/codec.go:281.2,281.15 1 0
github.com/xaionaro-go/avpipeline/codec/codec.go:281.15,283.3 1 0
github.com/xaionaro-go/avpipeline/codec/codec.go:284.2,284.45 1 0
github.com/xaionaro-go/avpipeline/codec/codec.go:295.29,307.41 12 0
github.com/xaionaro-go/avpipeline/codec/codec.go:307.41,315.3 1 0
github.com/xaionaro-go/avpipeline/codec/codec.go:316.2,316.83 1 0
github.com/xaionaro-go/avpipeline/codec/codec.go:316.83,318.3 1 0
github.com/xaionaro-go/avpipeline/codec/codec.go:319.2,319.78 1 0
github.com/xaionaro-go/avpipeline/codec/codec.go:319.78,321.3 1 0
github.com/xaionaro-go/avpipeline/codec/codec.go:322.2,323.53 2 0
github.com/xaionaro-go/avpipeline/codec/codec.go:323.53,325.3 1 0
github.com/xaionaro-go/avpipeline/codec/codec.go:326.2,330.15 4 0
github.com/xaionaro-go/avpipeline/codec/codec.go:330.15,332.3 1 0
github.com/xaionaro-go/avpipeline/codec/codec.go:333.2,339.15 2 0
github.com/xaionaro-go/avpipeline/codec/codec.go:339.15,340.18 1 0
github.com/xaionaro-go/avpipeline/codec/codec.go:340.18,343.4 2 0
github.com/xaionaro-go/avpipeline/codec/codec.go:346.2,346.28 1 0
github.com/xaionaro-go/avpipeline/codec/codec.go:346.28,347.27 1 0
github.com/xaionaro-go/avpipeline/codec/codec.go:347.27,349.4 1 0
github.com/xaionaro-go/avpipeline/codec/codec.go:350.3,351.39 2 0
github.com/xaionaro-go/avpipeline/codec/codec.go:354.2,354.32 1 0
github.com/xaionaro-go/avpipeline/codec/codec.go:354.32,355.17 1 0
github.com/xaionaro-go/avpipeline/codec/codec.go:355.17,357.4 1 0
github.com/xaionaro-go/avpipeline/codec/codec.go:358.3,358.46 1 0
github.com/xaionaro-go/avpipeline/codec/codec.go:361.2,361.76 1 0
github.com/xaionaro-go/avpipeline/codec/codec.go:361.76,364.3 2 0
github.com/xaionaro-go/avpipeline/codec/codec.go:366.2,368.81 3 0
github.com/xaionaro-go/avpipeline/codec/codec.go:368.81,370.21 2 0
github.com/xaionaro-go/avpipeline/codec/codec.go:370.21,373.4 2 0
github.com/xaionaro-go/avpipeline/codec/codec.go:375.2,375.20 1 0
github.com/xaionaro-go/avpipeline/codec/codec.go:375.20,382.3 1 0
github.com/xaionaro-go/avpipeline/codec/codec.go:383.2,383.20 1 0
github.com/xaionaro-go/avpipeline/codec/codec.go:383.20,384.54 1 0
github.com/xaionaro-go/avpipeline/codec/codec.go:384.54,386.4 1 0
github.com/xaionaro-go/avpipeline/codec/codec.go:387.3,387.120 1 0
github.com/xaionaro-go/avpipeline/codec/codec.go:389.2,389.71 1 0
github.com/xaionaro-go/avpipeline/codec/codec.go:389.71,391.21 2 0
github.com/xaionaro-go/avpipeline/codec/codec.go:391.21,394.4 2 0
github.com/xaionaro-go/avpipeline/codec/codec.go:397.2,402.27 5 0
github.com/xaionaro-go/avpipeline/codec/codec.go:402.27,404.3 1 0
github.com/xaionaro-go/avpipeline/codec/codec.go:405.2,406.22 2 0
github.com/xaionaro-go/avpipeline/codec/codec.go:406.22,408.3 1 0
github.com/xaionaro-go/avpipeline/codec/codec.go:410.2,410.28 1 0
github.com/xaionaro-go/avpipeline/codec/codec.go:410.28,412.17 2 0
github.com/xaionaro-go/avpipeline/codec/codec.go:412.17,414.4 1 0
github.com/xaionaro-go/avpipeline/codec/codec.go:417.2,419.37 3 0
github.com/xaionaro-go/avpipeline/codec/codec.go:420.29,423.23 2 0
github.com/xaionaro-go/avpipeline/codec/codec.go:423.23,427.4 3 0
github.com/xaionaro-go/avpipeline/codec/codec.go:429.3,429.16 1 0
github.com/xaionaro-go/avpipeline/codec/codec.go:429.16,431.53 2 0
github.com/xaionaro-go/avpipeline/codec/codec.go:431.53,433.16 2 0
github.com/xaionaro-go/avpipeline/codec/codec.go:433.16,436.6 2 0
github.com/xaionaro-go/avpipeline/codec/codec.go:437.5,439.70 3 0
github.com/xaionaro-go/avpipeline/codec/codec.go:440.10,444.5 3 0
github.com/xaionaro-go/avpipeline/codec/codec.go:445.4,445.54 1 0
github.com/xaionaro-go/avpipeline/codec/codec.go:445.54,449.5 3 0
github.com/xaionaro-go/avpipeline/codec/codec.go:449.10,453.5 3 0
github.com/xaionaro-go/avpipeline/codec/codec.go:454.4,454.20 1 0
github.com/xaionaro-go/avpipeline/codec/codec.go:454.20,456.5 1 0
github.com/xaionaro-go/avpipeline/codec/codec.go:457.4,457.62 1 0
github.com/xaionaro-go/avpipeline/codec/codec.go:457.62,460.5 2 0
github.com/xaionaro-go/avpipeline/codec/codec.go:461.4,461.37 1 0
github.com/xaionaro-go/avpipeline/codec/codec.go:461.37,464.55 3 0
github.com/xaionaro-go/avpipeline/codec/codec.go:464.55,466.6 1 0
github.com/xaionaro-go/avpipeline/codec/codec.go:467.5,467.65 1 0
github.com/xaionaro-go/avpipeline/codec/codec.go:467.65,469.6 1 0
github.com/xaionaro-go/avpipeline/codec/codec.go:471.4,471.24 1 0
github.com/xaionaro-go/avpipeline/codec/codec.go:471.24,472.5 1 0
github.com/xaionaro-go/avpipeline/codec/codec.go:472.5,479.13 2 0
github.com/xaionaro-go/avpipeline/codec/codec.go:480.20,484.64 4 0
github.com/xaionaro-go/avpipeline/codec/codec.go:485.20,489.64 4 0
github.com/xaionaro-go/avpipeline/codec/codec.go:490.20,494.64 4 0
github.com/xaionaro-go/avpipeline/codec/codec.go:495.20,499.64 4 0
github.com/xaionaro-go/avpipeline/codec/codec.go:503.5,503.55 1 0
github.com/xaionaro-go/avpipeline/codec/codec.go:503.55,504.50 1 0
github.com/xaionaro-go/avpipeline/codec/codec.go:504.50,507.7 2 0
github.com/xaionaro-go/avpipeline/codec/codec.go:510.9,511.24 1 0
github.com/xaionaro-go/avpipeline/codec/codec.go:511.24,515.85 4 0
github.com/xaionaro-go/avpipeline/codec/codec.go:515.85,517.6 1 0
github.com/xaionaro-go/avpipeline/codec/codec.go:522.2,522.62 1 0
github.com/xaionaro-go/avpipeline/codec/codec.go:522.62,523.59 1 0
github.com/xaionaro-go/avpipeline/codec/codec.go:523.59,525.4 1 0
github.com/xaionaro-go/avpipeline/codec/codec.go:526.3,534.10 2 0
github.com/xaionaro-go/avpipeline/codec/codec.go:535.19,535.19 0 0
github.com/xaionaro-go/avpipeline/codec/codec.go:536.45,537.94 1 0
github.com/xaionaro-go/avpipeline/codec/codec.go:538.11,539.26 1 0
github.com/xaionaro-go/avpipeline/codec/codec.go:540.20,541.115 1 0
github.com/xaionaro-go/avpipeline/codec/codec.go:542.12,543.78 1 0
github.com/xaionaro-go/avpipeline/codec/codec.go:548.2,548.37 1 0
github.com/xaionaro-go/avpipeline/codec/codec.go:549.29,550.56 1 0
github.com/xaionaro-go/avpipeline/codec/codec.go:550.56,553.32 3 0
github.com/xaionaro-go/avpipeline/codec/codec.go:553.32,557.5 3 0
github.com/xaionaro-go/avpipeline/codec/codec.go:558.4,558.110 1 0
github.com/xaionaro-go/avpipeline/codec/codec.go:560.3,560.56 1 0
github.com/xaionaro-go/avpipeline/codec/codec.go:560.56,563.4 2 0
github.com/xaionaro-go/avpipeline/codec/codec.go:564.3,571.17 4 0
github.com/xaionaro-go/avpipeline/codec/codec.go:571.17,573.4 1 0
github.com/xaionaro-go/avpipeline/codec/codec.go:574.3,582.4 4 0
github.com/xaionaro-go/avpipeline/codec/codec.go:583.29,587.27 4 0
github.com/xaionaro-go/avpipeline/codec/codec.go:587.27,588.54 1 0
github.com/xaionaro-go/avpipeline/codec/codec.go:588.54,591.19 3 0
github.com/xaionaro-go/avpipeline/codec/codec.go:591.19,593.6 1 0
github.com/xaionaro-go/avpipeline/codec/codec.go:594.5,594.21 1 0
github.com/xaionaro-go/avpipeline/codec/codec.go:595.12,596.63 1 0
github.com/xaionaro-go/avpipeline/codec/codec.go:597.12,598.65 1 0
github.com/xaionaro-go/avpipeline/codec/codec.go:599.13,600.75 1 0
github.com/xaionaro-go/avpipeline/codec/codec.go:603.4,603.62 1 0
github.com/xaionaro-go/avpipeline/codec/codec.go:603.62,606.19 3 0
github.com/xaionaro-go/avpipeline/codec/codec.go:606.19,608.6 1 0
github.com/xaionaro-go/avpipeline/codec/codec.go:609.5,609.46 1 0
github.com/xaionaro-go/avpipeline/codec/codec.go:611.4,611.54 1 0
github.com/xaionaro-go/avpipeline/codec/codec.go:611.54,614.19 3 0
github.com/xaionaro-go/avpipeline/codec/codec.go:614.19,616.6 1 0
github.com/xaionaro-go/avpipeline/codec/codec.go:617.5,617.50 1 0
github.com/xaionaro-go/avpipeline/codec/codec.go:620.3,620.169 1 0
github.com/xaionaro-go/avpipeline/codec/codec.go:623.2,623.54 1 0
github.com/xaionaro-go/avpipeline/codec/codec.go:623.54,625.3 1 0
github.com/xaionaro-go/avpipeline/codec/codec.go:627.2,629.23 3 0
github.com/xaionaro-go/avpipeline/codec/codec.go:629.23,631.3 1 0
github.com/xaionaro-go/avpipeline/codec/codec.go:632.2,633.24 2 0
github.com/xaionaro-go/avpipeline/codec/codec.go:633.24,636.3 1 0
github.com/xaionaro-go/avpipeline/codec/codec.go:637.2,637.37 1 0
github.com/xaionaro-go/avpipeline/codec/codec.go:637.37,640.3 1 0
github.com/xaionaro-go/avpipeline/codec/codec.go:641.2,641.61 1 0
github.com/xaionaro-go/avpipeline/codec/codec.go:641.61,642.92 1 0
github.com/xaionaro-go/avpipeline/codec/codec.go:642.92,644.4 1 0
github.com/xaionaro-go/avpipeline/codec/codec.go:644.9,647.4 1 0
github.com/xaionaro-go/avpipeline/codec/codec.go:649.2,650.37 2 0
github.com/xaionaro-go/avpipeline/codec/codec.go:650.37,655.3 1 0
github.com/xaionaro-go/avpipeline/codec/codec.go:656.2,660.15 4 0
github.com/xaionaro-go/avpipeline/codec/codec.go:660.15,661.26 1 0
github.com/xaionaro-go/avpipeline/codec/codec.go:661.26,663.4 1 0
github.com/xaionaro-go/avpipeline/codec/codec.go:664.3,664.26 1 0
github.com/xaionaro-go/avpipeline/codec/codec.go:664.26,666.4 1 0
github.com/xaionaro-go/avpipeline/codec/codec.go:667.8,669.3 1 0
github.com/xaionaro-go/avpipeline/codec/codec.go:671.2,679.9 6 0
github.com/xaionaro-go/avpipeline/codec/codec.go:680.18,680.18 0 0
github.com/xaionaro-go/avpipeline/codec/codec.go:681.42,683.23 1 0
github.com/xaionaro-go/avpipeline/codec/codec.go:683.23,686.43 1 0
github.com/xaionaro-go/avpipeline/codec/codec.go:686.43,688.5 1 0
github.com/xaionaro-go/avpipeline/codec/codec.go:689.4,691.17 3 0
github.com/xaionaro-go/avpipeline/codec/codec.go:691.17,693.5 1 0
github.com/xaionaro-go/avpipeline/codec/codec.go:694.4,697.21 4 0
github.com/xaionaro-go/avpipeline/codec/codec.go:697.21,699.5 1 0
github.com/xaionaro-go/avpipeline/codec/codec.go:701.10,702.76 1 0
github.com/xaionaro-go/avpipeline/codec/codec.go:705.2,705.62 1 0
github.com/xaionaro-go/avpipeline/codec/codec.go:705.62,705.84 1 0
github.com/xaionaro-go/avpipeline/codec/codec.go:706.2,706.15 1 0
github.com/xaionaro-go/avpipeline/codec/codec.go:709.49,709.50 0 0
github.com/xaionaro-go/avpipeline/codec/codec.go:711.47,712.22 1 0
github.com/xaionaro-go/avpipeline/codec/codec.go:712.22,715.32 3 0
github.com/xaionaro-go/avpipeline/codec/codec.go:715.32,717.4 1 0
github.com/xaionaro-go/avpipeline/codec/codec.go:725.43,727.2 1 0
github.com/xaionaro-go/avpipeline/codec/codec.go:736.16,738.15 2 0
github.com/xaionaro-go/avpipeline/codec/codec.go:738.15,740.3 1 0
github.com/xaionaro-go/avpipeline/codec/codec.go:741.2,742.16 2 0
github.com/xaionaro-go/avpipeline/codec/codec.go:742.16,744.3 1 0
github.com/xaionaro-go/avpipeline/codec/codec.go:746.2,754.16 2 0
github.com/xaionaro-go/avpipeline/codec/codec.go:754.16,756.3 1 0
github.com/xaionaro-go/avpipeline/codec/codec.go:758.2,759.12 2 0
github.com/xaionaro-go/avpipeline/codec/codec.go:768.16,770.15 2 0
github.com/xaionaro-go/avpipeline/codec/codec.go:770.15,772.3 1 0
github.com/xaionaro-go/avpipeline/codec/codec.go:773.2,773.58 1 0
github.com/xaionaro-go/avpipeline/codec/codec.go:773.58,776.3 2 0
github.com/xaionaro-go/avpipeline/codec/codec.go:778.2,781.15 3 0
github.com/xaionaro-go/avpipeline/codec/codec.go:781.15,783.3 1 0
github.com/xaionaro-go/avpipeline/codec/codec.go:785.2,786.69 2 0
github.com/xaionaro-go/avpipeline/codec/codec.go:786.69,789.18 3 0
github.com/xaionaro-go/avpipeline/codec/codec.go:789.18,791.4 1 0
github.com/xaionaro-go/avpipeline/codec/codec.go:792.8,794.23 2 0
github.com/xaionaro-go/avpipeline/codec/codec.go:794.23,796.76 2 0
github.com/xaionaro-go/avpipeline/codec/codec.go:796.76,798.5 1 0
github.com/xaionaro-go/avpipeline/codec/codec.go:799.4,800.109 2 0
github.com/xaionaro-go/avpipeline/codec/codec.go:800.109,802.5 1 0
github.com/xaionaro-go/avpipeline/codec/codec.go:803.4,803.51 1 0
github.com/xaionaro-go/avpipeline/codec/codec.go:807.2,807.27 1 0
github.com/xaionaro-go/avpipeline/codec/codec.go:807.27,810.3 2 0
github.com/xaionaro-go/avpipeline/codec/codec.go:812.2,812.60 1 0
github.com/xaionaro-go/avpipeline/codec/codec.go:812.60,815.3 2 0
github.com/xaionaro-go/avpipeline/codec/codec.go:817.2,818.57 2 0
github.com/xaionaro-go/avpipeline/codec/codec.go:818.57,821.3 2 0
github.com/xaionaro-go/avpipeline/codec/codec.go:823.2,823.66 1 0
github.com/xaionaro-go/avpipeline/codec/codec.go:823.66,827.3 3 0
github.com/xaionaro-go/avpipeline/codec/codec.go:829.2,830.9 2 0
github.com/xaionaro-go/avpipeline/codec/codec.go:831.19,832.56 1 0
github.com/xaionaro-go/avpipeline/codec/codec.go:833.10,834.67 1 0
github.com/xaionaro-go/avpipeline/codec/codec.go:834.67,836.4 1 0
github.com/xaionaro-go/avpipeline/codec/codec.go:836.9,838.63 2 0
github.com/xaionaro-go/avpipeline/codec/codec.go:838.63,840.5 1 0
github.com/xaionaro-go/avpipeline/codec/codec.go:841.4,842.53 2 0
github.com/xaionaro-go/avpipeline/codec/codec.go:846.2,847.12 2 0
github.com/xaionaro-go/avpipeline/codec/codec.go:853.16,855.15 2 0
github.com/xaionaro-go/avpipeline/codec/codec.go:855.15,855.101 1 0
github.com/xaionaro-go/avpipeline/codec/codec.go:857.2,857.51 1 0
github.com/xaionaro-go/avpipeline/codec/codec.go:857.51,859.83 2 0
github.com/xaionaro-go/avpipeline/codec/codec.go:859.83,861.12 2 0
github.com/xaionaro-go/avpipeline/codec/codec.go:863.3,863.10 1 0
github.com/xaionaro-go/avpipeline/codec/codec.go:864.82,866.12 2 0
github.com/xaionaro-go/avpipeline/codec/codec.go:867.82,868.53 1 0
github.com/xaionaro-go/avpipeline/codec/codec.go:869.11,871.12 2 0
github.com/xaionaro-go/avpipeline/codec/codec.go:873.3,874.8 2 0
github.com/xaionaro-go/avpipeline/codec/codec.go:877.2,877.59 1 0
github.com/xaionaro-go/avpipeline/codec/codec.go:877.59,879.3 1 0
github.com/xaionaro-go/avpipeline/codec/codec.go:881.2,881.53 1 0
github.com/xaionaro-go/avpipeline/codec/codec.go:881.53,883.3 1 0
github.com/xaionaro-go/avpipeline/codec/codec.go:885.2,885.90 1 0
github.com/xaionaro-go/avpipeline/codec/codec.go:885.90,886.26 1 0
github.com/xaionaro-go/avpipeline/codec/codec.go:886.26,887.35 1 0
github.com/xaionaro-go/avpipeline/codec/codec.go:887.35,889.5 1 0
github.com/xaionaro-go/avpipeline/codec/codec.go:892.3,893.32 2 0
github.com/xaionaro-go/avpipeline/codec/codec.go:896.2,896.12 1 0
github.com/xaionaro-go/avpipeline/codec/codec.go:906.16,908.15 2 0
github.com/xaionaro-go/avpipeline/codec/codec.go:908.15,910.3 1 0
github.com/xaionaro-go/avpipeline/codec/codec.go:911.2,911.30 1 0
github.com/xaionaro-go/avpipeline/codec/codec.go:911.30,914.69 1 0
github.com/xaionaro-go/avpipeline/codec/codec.go:914.69,917.24 3 0
github.com/xaionaro-go/avpipeline/codec/codec.go:917.24,919.5 1 0
github.com/xaionaro-go/avpipeline/codec/codec.go:920.4,921.14 2 0
github.com/xaionaro-go/avpipeline/codec/codec.go:925.2,932.16 3 0
github.com/xaionaro-go/avpipeline/codec/codec.go:932.16,934.3 1 0
github.com/xaionaro-go/avpipeline/codec/codec.go:935.2,938.12 4 0
github.com/xaionaro-go/avpipeline/codec/codec_custom_options.go:14.19,16.15 2 0
github.com/xaionaro-go/avpipeline/codec/codec_custom_options.go:16.15,21.10 5 0
github.com/xaionaro-go/avpipeline/codec/codec_custom_options.go:22.60,23.72 1 0
github.com/xaionaro-go/avpipeline/codec/codec_custom_options.go:24.55,28.74 4 0
github.com/xaionaro-go/avpipeline/codec/codec_custom_options.go:29.31,30.78 1 0
github.com/xaionaro-go/avpipeline/codec/codec_custom_options.go:33.2,33.15 1 0
github.com/xaionaro-go/avpipeline/codec/codec_no_mediacodec.go:17.16,19.2 1 0
github.com/xaionaro-go/avpipeline/codec/codec_no_mediacodec.go:25.16,27.2 1 0
github.com/xaionaro-go/avpipeline/codec/codec_params.go:28.61,29.30 1 0
github.com/xaionaro-go/avpipeline/codec/codec_params.go:29.30,34.3 4 0
github.com/xaionaro-go/avpipeline/codec/codec_params.go:35.2,35.28 1 0
github.com/xaionaro-go/avpipeline/codec/codec_params.go:35.28,36.46 1 0
github.com/xaionaro-go/avpipeline/codec/codec_params.go:36.46,41.4 4 0
github.com/xaionaro-go/avpipeline/codec/codec_params.go:43.2,44.10 2 0
github.com/xaionaro-go/avpipeline/codec/decoder.go:18.31,41.16 6 0
github.com/xaionaro-go/avpipeline/codec/decoder.go:41.16,43.3 1 0
github.com/xaionaro-go/avpipeline/codec/decoder.go:44.2,44.32 1 0
github.com/xaionaro-go/avpipeline/codec/decoder.go:47.43,49.2 1 0
github.com/xaionaro-go/avpipeline/codec/decoder.go:51.35,53.2 1 0
github.com/xaionaro-go/avpipeline/codec/decoder.go:58.9,60.2 1 0
github.com/xaionaro-go/avpipeline/codec/decoder.go:65.9,67.2 1 0
github.com/xaionaro-go/avpipeline/codec/decoder.go:71.11,73.2 1 0
github.com/xaionaro-go/avpipeline/codec/decoder.go:78.16,80.2 1 0
github.com/xaionaro-go/avpipeline/codec/decoder.go:82.59,84.15 2 0
github.com/xaionaro-go/avpipeline/codec/decoder.go:84.15,84.57 1 0
github.com/xaionaro-go/avpipeline/codec/decoder.go:85.2,85.60 1 0
github.com/xaionaro-go/avpipeline/codec/decoder.go:91.9,93.2 1 0
github.com/xaionaro-go/avpipeline/codec/decoder.go:98.9,100.2 1 0
github.com/xaionaro-go/avpipeline/codec/decoder.go:105.9,106.49 1 0
github.com/xaionaro-go/avpipeline/codec/decoder.go:106.49,108.3 1 0
github.com/xaionaro-go/avpipeline/codec/decoder.go:113.8,115.2 1 0
github.com/xaionaro-go/avpipeline/codec/decoder_factory.go:52.62,54.2 1 0
github.com/xaionaro-go/avpipeline/codec/decoder_factory.go:59.24,60.19 1 0
github.com/xaionaro-go/avpipeline/codec/decoder_factory.go:60.19,62.3 1 0
github.com/xaionaro-go/avpipeline/codec/decoder_factory.go:63.2,65.3 1 0
github.com/xaionaro-go/avpipeline/codec/decoder_factory.go:74.31,76.2 1 0
github.com/xaionaro-go/avpipeline/codec/decoder_factory.go:82.31,83.37 1 0
github.com/xaionaro-go/avpipeline/codec/decoder_factory.go:83.37,84.16 1 0
github.com/xaionaro-go/avpipeline/codec/decoder_factory.go:84.16,85.19 1 0
github.com/xaionaro-go/avpipeline/codec/decoder_factory.go:85.19,87.5 1 0
github.com/xaionaro-go/avpipeline/codec/decoder_factory.go:88.4,88.29 1 0
github.com/xaionaro-go/avpipeline/codec/decoder_factory.go:92.2,94.15 2 0
github.com/xaionaro-go/avpipeline/codec/decoder_factory.go:94.15,95.18 1 0
github.com/xaionaro-go/avpipeline/codec/decoder_factory.go:95.18,97.4 1 0
github.com/xaionaro-go/avpipeline/codec/decoder_factory.go:98.3,98.38 1 0
github.com/xaionaro-go/avpipeline/codec/decoder_factory.go:99.30,100.51 1 0
github.com/xaionaro-go/avpipeline/codec/decoder_factory.go:101.30,102.51 1 0
github.com/xaionaro-go/avpipeline/codec/decoder_factory.go:106.2,111.37 5 0
github.com/xaionaro-go/avpipeline/codec/decoder_factory.go:112.29,123.4 1 0
github.com/xaionaro-go/avpipeline/codec/decoder_factory.go:124.29,135.4 1 0
github.com/xaionaro-go/avpipeline/codec/decoder_factory.go:136.10,137.98 1 0
github.com/xaionaro-go/avpipeline/codec/decoder_factory.go:140.2,140.36 1 0
github.com/xaionaro-go/avpipeline/codec/decoder_factory.go:140.36,142.3 1 0
github.com/xaionaro-go/avpipeline/codec/decoder_factory.go:143.2,146.3 1 0
github.com/xaionaro-go/avpipeline/codec/decoder_factory.go:149.64,151.2 1 0
github.com/xaionaro-go/avpipeline/codec/decoder_factory.go:155.9,160.2 4 0
github.com/xaionaro-go/avpipeline/codec/decoder_factory.go:162.47,164.2 1 0
github.com/xaionaro-go/avpipeline/codec/decoder_factory.go:174.21,176.15 2 0
github.com/xaionaro-go/avpipeline/codec/decoder_factory.go:176.15,176.106 1 0
github.com/xaionaro-go/avpipeline/codec/decoder_factory.go:177.2,177.82 1 0
github.com/xaionaro-go/avpipeline/codec/decoder_factory.go:185.21,186.85 1 0
github.com/xaionaro-go/avpipeline/codec/decoder_factory.go:186.85,188.26 2 0
github.com/xaionaro-go/avpipeline/codec/decoder_factory.go:188.26,191.44 3 0
github.com/xaionaro-go/avpipeline/codec/decoder_factory.go:191.44,192.21 1 0
github.com/xaionaro-go/avpipeline/codec/decoder_factory.go:192.21,196.6 1 0
github.com/xaionaro-go/avpipeline/codec/decoder_factory.go:198.4,198.14 1 0
github.com/xaionaro-go/avpipeline/codec/decoder_factory.go:202.2,203.28 2 0
github.com/xaionaro-go/avpipeline/codec/decoder_factory.go:204.29,205.32 1 0
github.com/xaionaro-go/avpipeline/codec/decoder_factory.go:205.32,208.4 2 0
github.com/xaionaro-go/avpipeline/codec/decoder_factory.go:209.3,209.31 1 0
github.com/xaionaro-go/avpipeline/codec/decoder_factory.go:209.31,212.4 2 0
github.com/xaionaro-go/avpipeline/codec/decoder_factory.go:213.3,216.4 2 0
github.com/xaionaro-go/avpipeline/codec/decoder_factory.go:217.29,218.13 1 0
github.com/xaionaro-go/avpipeline/codec/decoder_factory.go:220.2,220.12 1 0
github.com/xaionaro-go/avpipeline/codec/decoder_locked.go:45.47,47.2 1 0
github.com/xaionaro-go/avpipeline/codec/decoder_locked.go:49.41,51.2 1 0
github.com/xaionaro-go/avpipeline/codec/decoder_locked.go:55.40,57.2 1 0
github.com/xaionaro-go/avpipeline/codec/decoder_locked.go:62.9,63.25 1 0
github.com/xaionaro-go/avpipeline/codec/decoder_locked.go:63.25,64.139 1 0
github.com/xaionaro-go/avpipeline/codec/decoder_locked.go:64.139,66.4 1 0
github.com/xaionaro-go/avpipeline/codec/decoder_locked.go:67.3,67.28 1 0
github.com/xaionaro-go/avpipeline/codec/decoder_locked.go:69.2,70.37 2 0
github.com/xaionaro-go/avpipeline/codec/decoder_locked.go:76.9,78.2 1 0
github.com/xaionaro-go/avpipeline/codec/decoder_locked.go:82.11,84.18 2 0
github.com/xaionaro-go/avpipeline/codec/decoder_locked.go:84.18,86.3 1 0
github.com/xaionaro-go/avpipeline/codec/decoder_locked.go:87.2,87.12 1 0
github.com/xaionaro-go/avpipeline/codec/decoder_locked.go:93.16,96.15 3 0
github.com/xaionaro-go/avpipeline/codec/decoder_locked.go:96.15,98.3 1 0
github.com/xaionaro-go/avpipeline/codec/decoder_locked.go:99.2,99.15 1 0
github.com/xaionaro-go/avpipeline/codec/decoder_locked.go:99.15,100.18 1 0
github.com/xaionaro-go/avpipeline/codec/decoder_locked.go:100.18,102.4 1 0
github.com/xaionaro-go/avpipeline/codec/decoder_locked.go:105.2,106.26 2 0
github.com/xaionaro-go/avpipeline/codec/decoder_locked.go:106.26,108.3 1 0
github.com/xaionaro-go/avpipeline/codec/decoder_locked.go:109.2,110.40 2 0
github.com/xaionaro-go/avpipeline/codec/decoder_locked.go:111.20,112.43 1 0
github.com/xaionaro-go/avpipeline/codec/decoder_locked.go:114.2,114.39 1 0
github.com/xaionaro-go/avpipeline/codec/decoder_locked.go:120.9,123.2 2 0
github.com/xaionaro-go/avpipeline/codec/decoder_locked.go:128.16,130.15 2 0
github.com/xaionaro-go/avpipeline/codec/decoder_locked.go:130.15,130.57 1 0
github.com/xaionaro-go/avpipeline/codec/decoder_locked.go:132.2,132.15 1 0
github.com/xaionaro-go/avpipeline/codec/decoder_locked.go:132.15,133.18 1 0
github.com/xaionaro-go/avpipeline/codec/decoder_locked.go:133.18,134.17 1 0
github.com/xaionaro-go/avpipeline/codec/decoder_locked.go:134.17,137.5 2 0
github.com/xaionaro-go/avpipeline/codec/decoder_locked.go:141.2,144.43 3 0
github.com/xaionaro-go/avpipeline/codec/decoder_locked.go:144.43,148.3 3 0
github.com/xaionaro-go/avpipeline/codec/decoder_locked.go:150.2,152.9 3 0
github.com/xaionaro-go/avpipeline/codec/decoder_locked.go:153.18,153.18 0 0
github.com/xaionaro-go/avpipeline/codec/decoder_locked.go:155.37,156.13 1 0
github.com/xaionaro-go/avpipeline/codec/decoder_locked.go:157.10,158.79 1 0
github.com/xaionaro-go/avpipeline/codec/decoder_locked.go:161.2,162.16 2 0
github.com/xaionaro-go/avpipeline/codec/decoder_locked.go:162.16,164.3 1 0
github.com/xaionaro-go/avpipeline/codec/decoder_locked.go:166.2,169.12 3 0
github.com/xaionaro-go/avpipeline/codec/decoder_locked.go:175.9,177.15 2 0
github.com/xaionaro-go/avpipeline/codec/decoder_locked.go:177.15,177.47 1 0
github.com/xaionaro-go/avpipeline/codec/decoder_locked.go:178.2,179.6 2 0
github.com/xaionaro-go/avpipeline/codec/decoder_locked.go:179.6,182.17 3 0
github.com/xaionaro-go/avpipeline/codec/decoder_locked.go:182.17,189.13 5 0
github.com/xaionaro-go/avpipeline/codec/decoder_locked.go:189.13,192.5 2 0
github.com/xaionaro-go/avpipeline/codec/decoder_locked.go:193.4,193.16 1 0
github.com/xaionaro-go/avpipeline/codec/decoder_locked.go:193.16,194.46 1 0
github.com/xaionaro-go/avpipeline/codec/decoder_locked.go:194.46,196.6 1 0
github.com/xaionaro-go/avpipeline/codec/decoder_locked.go:197.5,197.15 1 0
github.com/xaionaro-go/avpipeline/codec/decoder_locked.go:199.4,199.76 1 0
github.com/xaionaro-go/avpipeline/codec/decoder_locked.go:201.3,202.22 2 0
github.com/xaionaro-go/avpipeline/codec/decoder_locked.go:202.22,204.12 2 0
github.com/xaionaro-go/avpipeline/codec/decoder_locked.go:206.3,207.17 2 0
github.com/xaionaro-go/avpipeline/codec/decoder_locked.go:207.17,210.4 2 0
github.com/xaionaro-go/avpipeline/codec/decoder_locked.go:214.77,216.2 1 0
github.com/xaionaro-go/avpipeline/codec/decoder_locked.go:218.65,220.15 2 0
github.com/xaionaro-go/avpipeline/codec/decoder_locked.go:220.15,220.57 1 0
github.com/xaionaro-go/avpipeline/codec/decoder_locked.go:221.2,222.27 2 0
github.com/xaionaro-go/avpipeline/codec/decoder_locked.go:225.65,227.15 2 0
github.com/xaionaro-go/avpipeline/codec/decoder_locked.go:227.15,227.57 1 0
github.com/xaionaro-go/avpipeline/codec/decoder_locked.go:228.2,228.27 1 0
github.com/xaionaro-go/avpipeline/codec/decoder_no_mediacodec.go:16.9,18.2 1 0
github.com/xaionaro-go/avpipeline/codec/encoder.go:68.46,70.2 1 0
github.com/xaionaro-go/avpipeline/codec/encoder.go:72.63,74.133 2 0
github.com/xaionaro-go/avpipeline/codec/encoder.go:74.133,76.3 1 0
github.com/xaionaro-go/avpipeline/codec/encoder.go:76.8,79.17 3 0
github.com/xaionaro-go/avpipeline/codec/encoder.go:79.17,82.4 2 0
github.com/xaionaro-go/avpipeline/codec/encoder.go:84.2,88.17 2 0
github.com/xaionaro-go/avpipeline/codec/encoder.go:93.35,95.2 1 0
github.com/xaionaro-go/avpipeline/codec/encoder.go:99.43,101.2 1 0
github.com/xaionaro-go/avpipeline/codec/encoder_audio.go:13.19,15.2 1 0
github.com/xaionaro-go/avpipeline/codec/encoder_audio.go:19.19,20.27 1 0
github.com/xaionaro-go/avpipeline/codec/encoder_audio.go:20.27,22.3 1 0
github.com/xaionaro-go/avpipeline/codec/encoder_audio.go:23.2,28.3 1 0
github.com/xaionaro-go/avpipeline/codec/encoder_copy.go:21.38,23.2 1 0
github.com/xaionaro-go/avpipeline/codec/encoder_copy.go:25.36,27.2 1 0
github.com/xaionaro-go/avpipeline/codec/encoder_copy.go:29.53,31.2 1 0
github.com/xaionaro-go/avpipeline/codec/encoder_copy.go:33.42,35.2 1 0
github.com/xaionaro-go/avpipeline/codec/encoder_copy.go:37.56,39.2 1 0
github.com/xaionaro-go/avpipeline/codec/encoder_copy.go:41.49,42.60 1 0
github.com/xaionaro-go/avpipeline/codec/encoder_copy.go:45.72,47.2 1 0
github.com/xaionaro-go/avpipeline/codec/encoder_copy.go:49.74,51.2 1 0
github.com/xaionaro-go/avpipeline/codec/encoder_copy.go:53.61,55.2 1 0
github.com/xaionaro-go/avpipeline/codec/encoder_copy.go:57.47,58.60 1 0
github.com/xaionaro-go/avpipeline/codec/encoder_copy.go:61.68,63.2 1 0
github.com/xaionaro-go/avpipeline/codec/encoder_copy.go:65.73,67.2 1 0
github.com/xaionaro-go/avpipeline/codec/encoder_copy.go:71.11,73.2 1 0
github.com/xaionaro-go/avpipeline/codec/encoder_copy.go:75.84,77.2 1 0
github.com/xaionaro-go/avpipeline/codec/encoder_copy.go:79.67,81.2 1 0
github.com/xaionaro-go/avpipeline/codec/encoder_copy.go:83.90,85.2 1 0
github.com/xaionaro-go/avpipeline/codec/encoder_copy.go:87.49,89.2 1 0
github.com/xaionaro-go/avpipeline/codec/encoder_copy.go:91.75,93.2 1 0
github.com/xaionaro-go/avpipeline/codec/encoder_copy.go:95.76,97.2 1 0
github.com/xaionaro-go/avpipeline/codec/encoder_copy.go:99.86,101.2 1 0
github.com/xaionaro-go/avpipeline/codec/encoder_copy.go:103.86,105.2 1 0
github.com/xaionaro-go/avpipeline/codec/encoder_copy.go:107.35,109.2 1 0
github.com/xaionaro-go/avpipeline/codec/encoder_copy.go:111.95,113.2 1 0
github.com/xaionaro-go/avpipeline/codec/encoder_copy.go:115.42,118.2 2 0
github.com/xaionaro-go/avpipeline/codec/encoder_factory.go:53.68,55.2 1 0
github.com/xaionaro-go/avpipeline/codec/encoder_factory.go:62.24,63.19 1 0
github.com/xaionaro-go/avpipeline/codec/encoder_factory.go:63.19,65.3 1 0
github.com/xaionaro-go/avpipeline/codec/encoder_factory.go:66.2,68.3 1 0
github.com/xaionaro-go/avpipeline/codec/encoder_factory.go:71.47,73.2 1 0
github.com/xaionaro-go/avpipeline/codec/encoder_factory.go:75.61,76.30 1 0
github.com/xaionaro-go/avpipeline/codec/encoder_factory.go:76.30,78.3 1 0
github.com/xaionaro-go/avpipeline/codec/encoder_factory.go:79.2,79.47 1 0
github.com/xaionaro-go/avpipeline/codec/encoder_factory.go:82.61,83.30 1 0
github.com/xaionaro-go/avpipeline/codec/encoder_factory.go:83.30,85.3 1 0
github.com/xaionaro-go/avpipeline/codec/encoder_factory.go:86.2,86.47 1 0
github.com/xaionaro-go/avpipeline/codec/encoder_factory.go:98.30,100.15 2 0
github.com/xaionaro-go/avpipeline/codec/encoder_factory.go:100.15,100.99 1 0
github.com/xaionaro-go/avpipeline/codec/encoder_factory.go:101.2,101.87 1 0
github.com/xaionaro-go/avpipeline/codec/encoder_factory.go:101.87,103.3 1 0
github.com/xaionaro-go/avpipeline/codec/encoder_factory.go:111.30,112.25 1 0
github.com/xaionaro-go/avpipeline/codec/encoder_factory.go:112.25,114.3 1 0
github.com/xaionaro-go/avpipeline/codec/encoder_factory.go:115.2,119.15 4 0
github.com/xaionaro-go/avpipeline/codec/encoder_factory.go:119.15,120.18 1 0
github.com/xaionaro-go/avpipeline/codec/encoder_factory.go:120.18,122.4 1 0
github.com/xaionaro-go/avpipeline/codec/encoder_factory.go:123.3,123.34 1 0
github.com/xaionaro-go/avpipeline/codec/encoder_factory.go:124.30,125.51 1 0
github.com/xaionaro-go/avpipeline/codec/encoder_factory.go:126.30,127.51 1 0
github.com/xaionaro-go/avpipeline/codec/encoder_factory.go:131.2,136.33 5 0
github.com/xaionaro-go/avpipeline/codec/encoder_factory.go:137.29,138.67 1 0
github.com/xaionaro-go/avpipeline/codec/encoder_factory.go:138.67,140.4 1 0
github.com/xaionaro-go/avpipeline/codec/encoder_factory.go:141.3,150.4 1 0
github.com/xaionaro-go/avpipeline/codec/encoder_factory.go:151.29,159.4 1 0
github.com/xaionaro-go/avpipeline/codec/encoder_factory.go:160.10,161.134 1 0
github.com/xaionaro-go/avpipeline/codec/encoder_factory.go:164.2,164.36 1 0
github.com/xaionaro-go/avpipeline/codec/encoder_factory.go:169.9,171.2 1 0
github.com/xaionaro-go/avpipeline/codec/encoder_factory.go:175.9,180.2 4 0
github.com/xaionaro-go/avpipeline/codec/encoder_factory.go:185.16,187.15 2 0
github.com/xaionaro-go/avpipeline/codec/encoder_factory.go:187.15,187.73 1 0
github.com/xaionaro-go/avpipeline/codec/encoder_factory.go:189.2,190.27 2 0
github.com/xaionaro-go/avpipeline/codec/encoder_factory.go:190.27,192.59 2 0
github.com/xaionaro-go/avpipeline/codec/encoder_factory.go:192.59,194.4 1 0
github.com/xaionaro-go/avpipeline/codec/encoder_factory.go:196.2,196.30 1 0
github.com/xaionaro-go/avpipeline/codec/encoder_factory.go:196.30,200.3 3 0
github.com/xaionaro-go/avpipeline/codec/encoder_factory.go:201.2,201.39 1 0
github.com/xaionaro-go/avpipeline/codec/encoder_factory.go:201.39,204.3 2 0
github.com/xaionaro-go/avpipeline/codec/encoder_factory.go:205.2,205.29 1 0
github.com/xaionaro-go/avpipeline/codec/encoder_factory_option.go:15.72,17.2 1 0
github.com/xaionaro-go/avpipeline/codec/encoder_full.go:24.30,26.15 2 0
github.com/xaionaro-go/avpipeline/codec/encoder_full.go:26.15,26.85 1 0
github.com/xaionaro-go/avpipeline/codec/encoder_full.go:27.2,27.26 1 0
github.com/xaionaro-go/avpipeline/codec/encoder_full.go:28.16,29.28 1 0
github.com/xaionaro-go/avpipeline/codec/encoder_full.go:30.15,31.27 1 0
github.com/xaionaro-go/avpipeline/codec/encoder_full.go:33.2,33.92 1 0
github.com/xaionaro-go/avpipeline/codec/encoder_full.go:33.92,34.18 1 0
github.com/xaionaro-go/avpipeline/codec/encoder_full.go:34.18,36.4 1 0
github.com/xaionaro-go/avpipeline/codec/encoder_full.go:38.2,39.16 2 0
github.com/xaionaro-go/avpipeline/codec/encoder_full.go:39.16,41.3 1 0
github.com/xaionaro-go/avpipeline/codec/encoder_full.go:42.2,42.26 1 0
github.com/xaionaro-go/avpipeline/codec/encoder_full.go:45.53,47.2 1 0
github.com/xaionaro-go/avpipeline/codec/encoder_full.go:49.39,51.35 2 0
github.com/xaionaro-go/avpipeline/codec/encoder_full.go:51.35,53.3 1 0
github.com/xaionaro-go/avpipeline/codec/encoder_full.go:54.2,55.30 2 0
github.com/xaionaro-go/avpipeline/codec/encoder_full.go:58.45,60.2 1 0
github.com/xaionaro-go/avpipeline/codec/encoder_full.go:68.9,70.2 1 0
github.com/xaionaro-go/avpipeline/codec/encoder_full.go:75.16,77.15 2 0
github.com/xaionaro-go/avpipeline/codec/encoder_full.go:77.15,77.61 1 0
github.com/xaionaro-go/avpipeline/codec/encoder_full.go:78.2,81.10 1 0
github.com/xaionaro-go/avpipeline/codec/encoder_full.go:81.10,83.3 1 0
github.com/xaionaro-go/avpipeline/codec/encoder_full.go:89.16,91.15 2 0
github.com/xaionaro-go/avpipeline/codec/encoder_full.go:91.15,91.65 1 0
github.com/xaionaro-go/avpipeline/codec/encoder_full.go:92.2,95.10 1 0
github.com/xaionaro-go/avpipeline/codec/encoder_full.go:95.10,97.3 1 0
github.com/xaionaro-go/avpipeline/codec/encoder_full.go:100.63,102.15 2 0
github.com/xaionaro-go/avpipeline/codec/encoder_full.go:102.15,102.57 1 0
github.com/xaionaro-go/avpipeline/codec/encoder_full.go:103.2,106.10 1 0
github.com/xaionaro-go/avpipeline/codec/encoder_full.go:106.10,108.3 1 0
github.com/xaionaro-go/avpipeline/codec/encoder_full.go:113.16,115.15 2 0
github.com/xaionaro-go/avpipeline/codec/encoder_full.go:115.15,115.63 1 0
github.com/xaionaro-go/avpipeline/codec/encoder_full.go:116.2,119.10 1 0
github.com/xaionaro-go/avpipeline/codec/encoder_full.go:119.10,121.3 1 0
github.com/xaionaro-go/avpipeline/codec/encoder_full.go:127.9,131.10 1 0
github.com/xaionaro-go/avpipeline/codec/encoder_full.go:131.10,133.3 1 0
github.com/xaionaro-go/avpipeline/codec/encoder_full.go:139.16,141.15 2 0
github.com/xaionaro-go/avpipeline/codec/encoder_full.go:141.15,141.57 1 0
github.com/xaionaro-go/avpipeline/codec/encoder_full.go:142.2,145.10 1 0
github.com/xaionaro-go/avpipeline/codec/encoder_full.go:145.10,147.3 1 0
github.com/xaionaro-go/avpipeline/codec/encoder_full.go:153.16,155.15 2 0
github.com/xaionaro-go/avpipeline/codec/encoder_full.go:155.15,155.57 1 0
github.com/xaionaro-go/avpipeline/codec/encoder_full.go:156.2,159.10 1 0
github.com/xaionaro-go/avpipeline/codec/encoder_full.go:159.10,161.3 1 0
github.com/xaionaro-go/avpipeline/codec/encoder_full.go:164.38,166.2 1 0
github.com/xaionaro-go/avpipeline/codec/encoder_full.go:168.105,170.15 2 0
github.com/xaionaro-go/avpipeline/codec/encoder_full.go:170.15,170.58 1 0
github.com/xaionaro-go/avpipeline/codec/encoder_full.go:171.2,171.81 1 0
github.com/xaionaro-go/avpipeline/codec/encoder_full.go:171.81,173.3 1 0
github.com/xaionaro-go/avpipeline/codec/encoder_full_get_quality.go:15.11,17.2 1 0
github.com/xaionaro-go/avpipeline/codec/encoder_full_get_quality.go:21.11,22.27 1 0
github.com/xaionaro-go/avpipeline/codec/encoder_full_get_quality.go:22.27,23.45 1 0
github.com/xaionaro-go/avpipeline/codec/encoder_full_get_quality.go:25.2,26.18 2 0
github.com/xaionaro-go/avpipeline/codec/encoder_full_get_quality.go:26.18,28.3 1 0
github.com/xaionaro-go/avpipeline/codec/encoder_full_get_quality.go:29.2,29.12 1 0
github.com/xaionaro-go/avpipeline/codec/encoder_full_get_resolution.go:13.15,15.2 1 0
github.com/xaionaro-go/avpipeline/codec/encoder_full_get_resolution.go:19.15,20.27 1 0
github.com/xaionaro-go/avpipeline/codec/encoder_full_get_resolution.go:20.27,22.3 1 0
github.com/xaionaro-go/avpipeline/codec/encoder_full_get_resolution.go:23.2,26.3 1 0
github.com/xaionaro-go/avpipeline/codec/encoder_full_locked.go:45.41,51.15 3 0
github.com/xaionaro-go/avpipeline/codec/encoder_full_locked.go:51.15,53.3 1 0
github.com/xaionaro-go/avpipeline/codec/encoder_full_locked.go:54.2,55.28 2 0
github.com/xaionaro-go/avpipeline/codec/encoder_full_locked.go:55.28,56.36 1 0
github.com/xaionaro-go/avpipeline/codec/encoder_full_locked.go:56.36,59.4 2 0
github.com/xaionaro-go/avpipeline/codec/encoder_full_locked.go:60.3,61.17 2 0
github.com/xaionaro-go/avpipeline/codec/encoder_full_locked.go:61.17,63.4 1 0
github.com/xaionaro-go/avpipeline/codec/encoder_full_locked.go:65.2,73.16 3 0
github.com/xaionaro-go/avpipeline/codec/encoder_full_locked.go:73.16,75.3 1 0
github.com/xaionaro-go/avpipeline/codec/encoder_full_locked.go:77.2,82.23 2 0
github.com/xaionaro-go/avpipeline/codec/encoder_full_locked.go:83.29,84.29 1 0
github.com/xaionaro-go/avpipeline/codec/encoder_full_locked.go:86.2,86.15 1 0
github.com/xaionaro-go/avpipeline/codec/encoder_full_locked.go:89.58,91.2 1 0
github.com/xaionaro-go/avpipeline/codec/encoder_full_locked.go:93.53,95.2 1 0
github.com/xaionaro-go/avpipeline/codec/encoder_full_locked.go:100.3,101.54 1 0
github.com/xaionaro-go/avpipeline/codec/encoder_full_locked.go:101.54,103.3 1 0
github.com/xaionaro-go/avpipeline/codec/encoder_full_locked.go:106.45,108.35 2 0
github.com/xaionaro-go/avpipeline/codec/encoder_full_locked.go:108.35,110.3 1 0
github.com/xaionaro-go/avpipeline/codec/encoder_full_locked.go:111.2,112.51 2 0
github.com/xaionaro-go/avpipeline/codec/encoder_full_locked.go:115.51,117.2 1 0
github.com/xaionaro-go/avpipeline/codec/encoder_full_locked.go:122.16,125.15 3 0
github.com/xaionaro-go/avpipeline/codec/encoder_full_locked.go:125.15,125.61 1 0
github.com/xaionaro-go/avpipeline/codec/encoder_full_locked.go:127.2,127.23 1 0
github.com/xaionaro-go/avpipeline/codec/encoder_full_locked.go:128.29,132.26 3 0
github.com/xaionaro-go/avpipeline/codec/encoder_full_locked.go:132.26,134.4 1 0
github.com/xaionaro-go/avpipeline/codec/encoder_full_locked.go:136.3,136.26 1 0
github.com/xaionaro-go/avpipeline/codec/encoder_full_locked.go:136.26,138.43 2 0
github.com/xaionaro-go/avpipeline/codec/encoder_full_locked.go:138.43,142.37 4 0
github.com/xaionaro-go/avpipeline/codec/encoder_full_locked.go:142.37,144.6 1 0
github.com/xaionaro-go/avpipeline/codec/encoder_full_locked.go:148.3,148.19 1 0
github.com/xaionaro-go/avpipeline/codec/encoder_full_locked.go:148.19,149.70 1 0
github.com/xaionaro-go/avpipeline/codec/encoder_full_locked.go:149.70,151.5 1 0
github.com/xaionaro-go/avpipeline/codec/encoder_full_locked.go:153.3,153.50 1 0
github.com/xaionaro-go/avpipeline/codec/encoder_full_locked.go:153.50,160.4 1 0
github.com/xaionaro-go/avpipeline/codec/encoder_full_locked.go:163.2,164.36 2 0
github.com/xaionaro-go/avpipeline/codec/encoder_full_locked.go:170.3,172.14 2 0
github.com/xaionaro-go/avpipeline/codec/encoder_full_locked.go:172.14,175.3 2 0
github.com/xaionaro-go/avpipeline/codec/encoder_full_locked.go:176.2,184.19 9 0
github.com/xaionaro-go/avpipeline/codec/encoder_full_locked.go:184.19,185.19 1 0
github.com/xaionaro-go/avpipeline/codec/encoder_full_locked.go:185.19,187.4 1 0
github.com/xaionaro-go/avpipeline/codec/encoder_full_locked.go:188.3,188.9 1 0
github.com/xaionaro-go/avpipeline/codec/encoder_full_locked.go:190.2,190.27 1 0
github.com/xaionaro-go/avpipeline/codec/encoder_full_locked.go:190.27,193.3 2 0
github.com/xaionaro-go/avpipeline/codec/encoder_full_locked.go:195.2,195.18 1 0
github.com/xaionaro-go/avpipeline/codec/encoder_full_locked.go:195.18,197.3 1 0
github.com/xaionaro-go/avpipeline/codec/encoder_full_locked.go:198.2,199.9 2 0
github.com/xaionaro-go/avpipeline/codec/encoder_full_locked.go:200.51,202.28 2 0
github.com/xaionaro-go/avpipeline/codec/encoder_full_locked.go:202.28,203.20 1 0
github.com/xaionaro-go/avpipeline/codec/encoder_full_locked.go:203.20,205.5 1 0
github.com/xaionaro-go/avpipeline/codec/encoder_full_locked.go:206.4,206.10 1 0
github.com/xaionaro-go/avpipeline/codec/encoder_full_locked.go:210.3,212.17 3 0
github.com/xaionaro-go/avpipeline/codec/encoder_full_locked.go:212.17,214.4 1 0
github.com/xaionaro-go/avpipeline/codec/encoder_full_locked.go:215.10,216.35 1 0
github.com/xaionaro-go/avpipeline/codec/encoder_full_locked.go:223.15,225.15 2 0
github.com/xaionaro-go/avpipeline/codec/encoder_full_locked.go:225.15,225.64 1 0
github.com/xaionaro-go/avpipeline/codec/encoder_full_locked.go:226.2,227.21 2 0
github.com/xaionaro-go/avpipeline/codec/encoder_full_locked.go:227.21,229.3 1 0
github.com/xaionaro-go/avpipeline/codec/encoder_full_locked.go:232.2,233.73 2 0
github.com/xaionaro-go/avpipeline/codec/encoder_full_locked.go:233.73,235.34 2 0
github.com/xaionaro-go/avpipeline/codec/encoder_full_locked.go:235.34,237.19 2 0
github.com/xaionaro-go/avpipeline/codec/encoder_full_locked.go:237.19,239.5 1 0
github.com/xaionaro-go/avpipeline/codec/encoder_full_locked.go:241.3,241.37 1 0
github.com/xaionaro-go/avpipeline/codec/encoder_full_locked.go:241.37,243.19 2 0
github.com/xaionaro-go/avpipeline/codec/encoder_full_locked.go:243.19,245.5 1 0
github.com/xaionaro-go/avpipeline/codec/encoder_full_locked.go:249.2,249.12 1 0
github.com/xaionaro-go/avpipeline/codec/encoder_full_locked.go:252.69,254.15 2 0
github.com/xaionaro-go/avpipeline/codec/encoder_full_locked.go:254.15,254.57 1 0
github.com/xaionaro-go/avpipeline/codec/encoder_full_locked.go:255.2,256.62 2 0
github.com/xaionaro-go/avpipeline/codec/encoder_full_locked.go:256.62,258.3 1 0
github.com/xaionaro-go/avpipeline/codec/encoder_full_locked.go:259.2,261.31 3 0
github.com/xaionaro-go/avpipeline/codec/encoder_full_locked.go:266.16,268.15 2 0
github.com/xaionaro-go/avpipeline/codec/encoder_full_locked.go:268.15,268.65 1 0
github.com/xaionaro-go/avpipeline/codec/encoder_full_locked.go:270.2,270.58 1 0
github.com/xaionaro-go/avpipeline/codec/encoder_full_locked.go:270.58,272.3 1 0
github.com/xaionaro-go/avpipeline/codec/encoder_full_locked.go:274.2,275.16 2 0
github.com/xaionaro-go/avpipeline/codec/encoder_full_locked.go:275.16,277.3 1 0
github.com/xaionaro-go/avpipeline/codec/encoder_full_locked.go:279.2,286.23 6 0
github.com/xaionaro-go/avpipeline/codec/encoder_full_locked.go:287.29,288.29 1 0
github.com/xaionaro-go/avpipeline/codec/encoder_full_locked.go:291.2,291.12 1 0
github.com/xaionaro-go/avpipeline/codec/encoder_full_locked.go:296.16,298.15 2 0
github.com/xaionaro-go/avpipeline/codec/encoder_full_locked.go:298.15,298.63 1 0
github.com/xaionaro-go/avpipeline/codec/encoder_full_locked.go:299.2,300.20 2 0
github.com/xaionaro-go/avpipeline/codec/encoder_full_locked.go:300.20,302.3 1 0
github.com/xaionaro-go/avpipeline/codec/encoder_full_locked.go:303.2,303.27 1 0
github.com/xaionaro-go/avpipeline/codec/encoder_full_locked.go:303.27,305.3 1 0
github.com/xaionaro-go/avpipeline/codec/encoder_full_locked.go:306.2,306.12 1 0
github.com/xaionaro-go/avpipeline/codec/encoder_full_locked.go:312.9,315.2 2 0
github.com/xaionaro-go/avpipeline/codec/encoder_full_locked.go:320.16,323.15 3 0
github.com/xaionaro-go/avpipeline/codec/encoder_full_locked.go:323.15,323.57 1 0
github.com/xaionaro-go/avpipeline/codec/encoder_full_locked.go:325.2,325.15 1 0
github.com/xaionaro-go/avpipeline/codec/encoder_full_locked.go:325.15,326.18 1 0
github.com/xaionaro-go/avpipeline/codec/encoder_full_locked.go:326.18,328.4 1 0
github.com/xaionaro-go/avpipeline/codec/encoder_full_locked.go:329.3,329.24 1 0
github.com/xaionaro-go/avpipeline/codec/encoder_full_locked.go:330.30,331.30 1 0
github.com/xaionaro-go/avpipeline/codec/encoder_full_locked.go:333.3,333.16 1 0
github.com/xaionaro-go/avpipeline/codec/encoder_full_locked.go:333.16,336.4 2 0
github.com/xaionaro-go/avpipeline/codec/encoder_full_locked.go:339.2,342.43 3 0
github.com/xaionaro-go/avpipeline/codec/encoder_full_locked.go:342.43,345.3 2 0
github.com/xaionaro-go/avpipeline/codec/encoder_full_locked.go:347.2,348.16 2 0
github.com/xaionaro-go/avpipeline/codec/encoder_full_locked.go:348.16,350.3 1 0
github.com/xaionaro-go/avpipeline/codec/encoder_full_locked.go:352.2,354.9 3 0
github.com/xaionaro-go/avpipeline/codec/encoder_full_locked.go:355.18,359.20 3 0
github.com/xaionaro-go/avpipeline/codec/encoder_full_locked.go:359.20,361.4 1 0
github.com/xaionaro-go/avpipeline/codec/encoder_full_locked.go:362.37,362.37 0 0
github.com/xaionaro-go/avpipeline/codec/encoder_full_locked.go:364.10,365.78 1 0
github.com/xaionaro-go/avpipeline/codec/encoder_full_locked.go:368.2,368.94 1 0
github.com/xaionaro-go/avpipeline/codec/encoder_full_locked.go:368.94,372.3 3 0
github.com/xaionaro-go/avpipeline/codec/encoder_full_locked.go:374.2,376.16 3 0
github.com/xaionaro-go/avpipeline/codec/encoder_full_locked.go:376.16,378.3 1 0
github.com/xaionaro-go/avpipeline/codec/encoder_full_locked.go:380.2,380.12 1 0
github.com/xaionaro-go/avpipeline/codec/encoder_full_locked.go:386.16,388.15 2 0
github.com/xaionaro-go/avpipeline/codec/encoder_full_locked.go:388.15,388.57 1 0
github.com/xaionaro-go/avpipeline/codec/encoder_full_locked.go:390.2,392.6 3 0
github.com/xaionaro-go/avpipeline/codec/encoder_full_locked.go:392.6,395.17 3 0
github.com/xaionaro-go/avpipeline/codec/encoder_full_locked.go:395.17,402.13 5 0
github.com/xaionaro-go/avpipeline/codec/encoder_full_locked.go:402.13,405.5 2 0
github.com/xaionaro-go/avpipeline/codec/encoder_full_locked.go:406.4,406.16 1 0
github.com/xaionaro-go/avpipeline/codec/encoder_full_locked.go:406.16,407.46 1 0
github.com/xaionaro-go/avpipeline/codec/encoder_full_locked.go:407.46,409.6 1 0
github.com/xaionaro-go/avpipeline/codec/encoder_full_locked.go:410.5,410.15 1 0
github.com/xaionaro-go/avpipeline/codec/encoder_full_locked.go:412.4,412.76 1 0
github.com/xaionaro-go/avpipeline/codec/encoder_full_locked.go:414.3,414.22 1 0
github.com/xaionaro-go/avpipeline/codec/encoder_full_locked.go:414.22,416.12 2 0
github.com/xaionaro-go/avpipeline/codec/encoder_full_locked.go:418.3,419.17 2 0
github.com/xaionaro-go/avpipeline/codec/encoder_full_locked.go:419.17,422.4 2 0
github.com/xaionaro-go/avpipeline/codec/encoder_full_locked.go:426.44,428.2 1 0
github.com/xaionaro-go/avpipeline/codec/encoder_full_locked.go:430.104,432.2 1 0
github.com/xaionaro-go/avpipeline/codec/encoder_full_locked.go:434.80,435.27 1 0
github.com/xaionaro-go/avpipeline/codec/encoder_full_locked.go:435.27,436.17 1 0
github.com/xaionaro-go/avpipeline/codec/encoder_full_locked.go:436.18,436.19 0 0
github.com/xaionaro-go/avpipeline/codec/encoder_full_locked.go:438.2,438.28 1 0
github.com/xaionaro-go/avpipeline/codec/encoder_full_locked.go:438.28,442.101 4 0
github.com/xaionaro-go/avpipeline/codec/encoder_full_locked.go:444.2,444.16 1 0
github.com/xaionaro-go/avpipeline/codec/encoder_full_locked.go:444.16,446.3 1 0
github.com/xaionaro-go/avpipeline/codec/encoder_full_locked.go:449.51,451.2 1 0
github.com/xaionaro-go/avpipeline/codec/encoder_full_locked.go:453.65,455.2 1 0
github.com/xaionaro-go/avpipeline/codec/encoder_full_no_mediacodec.go:16.9,18.2 1 0
github.com/xaionaro-go/avpipeline/codec/encoder_full_set_quality.go:20.16,22.15 2 0
github.com/xaionaro-go/avpipeline/codec/encoder_full_set_quality.go:22.15,22.76 1 0
github.com/xaionaro-go/avpipeline/codec/encoder_full_set_quality.go:23.2,23.103 1 0
github.com/xaionaro-go/avpipeline/codec/encoder_full_set_quality.go:30.16,31.17 1 0
github.com/xaionaro-go/avpipeline/codec/encoder_full_set_quality.go:31.17,33.3 1 0
github.com/xaionaro-go/avpipeline/codec/encoder_full_set_quality.go:34.2,39.12 3 0
github.com/xaionaro-go/avpipeline/codec/encoder_full_set_quality.go:45.16,48.15 3 0
github.com/xaionaro-go/avpipeline/codec/encoder_full_set_quality.go:48.15,50.3 1 0
github.com/xaionaro-go/avpipeline/codec/encoder_full_set_quality.go:51.2,51.15 1 0
github.com/xaionaro-go/avpipeline/codec/encoder_full_set_quality.go:51.15,52.18 1 0
github.com/xaionaro-go/avpipeline/codec/encoder_full_set_quality.go:52.18,54.4 1 0
github.com/xaionaro-go/avpipeline/codec/encoder_full_set_quality.go:57.2,57.20 1 0
github.com/xaionaro-go/avpipeline/codec/encoder_full_set_quality.go:57.20,60.3 2 0
github.com/xaionaro-go/avpipeline/codec/encoder_full_set_quality.go:62.2,63.26 2 0
github.com/xaionaro-go/avpipeline/codec/encoder_full_set_quality.go:63.26,65.3 1 0
github.com/xaionaro-go/avpipeline/codec/encoder_full_set_quality.go:66.2,67.40 2 0
github.com/xaionaro-go/avpipeline/codec/encoder_full_set_quality.go:68.20,69.40 1 0
github.com/xaionaro-go/avpipeline/codec/encoder_full_set_quality.go:71.2,71.36 1 0
github.com/xaionaro-go/avpipeline/codec/encoder_full_set_quality.go:77.16,79.15 2 0
github.com/xaionaro-go/avpipeline/codec/encoder_full_set_quality.go:79.15,79.83 1 0
github.com/xaionaro-go/avpipeline/codec/encoder_full_set_quality.go:81.2,82.15 2 0
github.com/xaionaro-go/avpipeline/codec/encoder_full_set_quality.go:82.15,83.18 1 0
github.com/xaionaro-go/avpipeline/codec/encoder_full_set_quality.go:83.18,85.4 1 0
github.com/xaionaro-go/avpipeline/codec/encoder_full_set_quality.go:87.2,89.23 2 0
github.com/xaionaro-go/avpipeline/codec/encoder_full_set_quality.go:90.31,92.13 2 0
github.com/xaionaro-go/avpipeline/codec/encoder_full_set_quality.go:93.31,95.13 2 0
github.com/xaionaro-go/avpipeline/codec/encoder_full_set_quality.go:96.10,97.64 1 0
github.com/xaionaro-go/avpipeline/codec/encoder_full_set_quality.go:104.16,106.15 2 0
github.com/xaionaro-go/avpipeline/codec/encoder_full_set_quality.go:106.15,106.83 1 0
github.com/xaionaro-go/avpipeline/codec/encoder_full_set_quality.go:107.2,108.15 2 0
github.com/xaionaro-go/avpipeline/codec/encoder_full_set_quality.go:108.15,109.18 1 0
github.com/xaionaro-go/avpipeline/codec/encoder_full_set_quality.go:109.18,111.4 1 0
github.com/xaionaro-go/avpipeline/codec/encoder_full_set_quality.go:113.2,117.29 5 0
github.com/xaionaro-go/avpipeline/codec/encoder_full_set_resolution.go:18.16,20.15 2 0
github.com/xaionaro-go/avpipeline/codec/encoder_full_set_resolution.go:20.15,20.79 1 0
github.com/xaionaro-go/avpipeline/codec/encoder_full_set_resolution.go:21.2,21.108 1 0
github.com/xaionaro-go/avpipeline/codec/encoder_full_set_resolution.go:28.16,29.17 1 0
github.com/xaionaro-go/avpipeline/codec/encoder_full_set_resolution.go:29.17,31.3 1 0
github.com/xaionaro-go/avpipeline/codec/encoder_full_set_resolution.go:32.2,37.12 3 0
github.com/xaionaro-go/avpipeline/codec/encoder_full_set_resolution.go:43.16,46.15 3 0
github.com/xaionaro-go/avpipeline/codec/encoder_full_set_resolution.go:46.15,48.3 1 0
github.com/xaionaro-go/avpipeline/codec/encoder_full_set_resolution.go:49.2,49.15 1 0
github.com/xaionaro-go/avpipeline/codec/encoder_full_set_resolution.go:49.15,50.18 1 0
github.com/xaionaro-go/avpipeline/codec/encoder_full_set_resolution.go:50.18,52.4 1 0
github.com/xaionaro-go/avpipeline/codec/encoder_full_set_resolution.go:55.2,55.41 1 0
github.com/xaionaro-go/avpipeline/codec/encoder_full_set_resolution.go:61.16,63.19 2 0
github.com/xaionaro-go/avpipeline/codec/encoder_full_set_resolution.go:63.19,65.3 1 0
github.com/xaionaro-go/avpipeline/codec/encoder_full_set_resolution.go:66.2,66.20 1 0
github.com/xaionaro-go/avpipeline/codec/encoder_full_set_resolution.go:66.20,69.3 2 0
github.com/xaionaro-go/avpipeline/codec/encoder_full_set_resolution.go:70.2,74.15 5 0
github.com/xaionaro-go/avpipeline/codec/encoder_full_set_resolution.go:74.15,75.18 1 0
github.com/xaionaro-go/avpipeline/codec/encoder_full_set_resolution.go:75.18,79.4 3 0
github.com/xaionaro-go/avpipeline/codec/encoder_full_set_resolution.go:81.2,82.29 2 0
github.com/xaionaro-go/avpipeline/codec/encoder_raw.go:17.35,19.2 1 0
github.com/xaionaro-go/avpipeline/codec/encoder_raw.go:21.52,23.2 1 0
github.com/xaionaro-go/avpipeline/codec/encoder_raw.go:25.41,27.2 1 0
github.com/xaionaro-go/avpipeline/codec/encoder_raw.go:29.55,31.2 1 0
github.com/xaionaro-go/avpipeline/codec/encoder_raw.go:33.48,34.59 1 0
github.com/xaionaro-go/avpipeline/codec/encoder_raw.go:37.71,39.2 1 0
github.com/xaionaro-go/avpipeline/codec/encoder_raw.go:41.73,43.2 1 0
github.com/xaionaro-go/avpipeline/codec/encoder_raw.go:45.60,47.2 1 0
github.com/xaionaro-go/avpipeline/codec/encoder_raw.go:49.46,50.59 1 0
github.com/xaionaro-go/avpipeline/codec/encoder_raw.go:53.67,55.2 1 0
github.com/xaionaro-go/avpipeline/codec/encoder_raw.go:57.72,59.2 1 0
github.com/xaionaro-go/avpipeline/codec/encoder_raw.go:63.11,65.2 1 0
github.com/xaionaro-go/avpipeline/codec/encoder_raw.go:67.83,69.2 1 0
github.com/xaionaro-go/avpipeline/codec/encoder_raw.go:71.66,73.2 1 0
github.com/xaionaro-go/avpipeline/codec/encoder_raw.go:75.89,77.2 1 0
github.com/xaionaro-go/avpipeline/codec/encoder_raw.go:79.48,81.2 1 0
github.com/xaionaro-go/avpipeline/codec/encoder_raw.go:83.74,85.2 1 0
github.com/xaionaro-go/avpipeline/codec/encoder_raw.go:87.72,89.2 1 0
github.com/xaionaro-go/avpipeline/codec/encoder_raw.go:91.75,93.2 1 0
github.com/xaionaro-go/avpipeline/codec/encoder_raw.go:95.72,97.2 1 0
github.com/xaionaro-go/avpipeline/codec/encoder_raw.go:99.34,101.2 1 0
github.com/xaionaro-go/avpipeline/codec/encoder_raw.go:103.94,105.2 1 0
github.com/xaionaro-go/avpipeline/codec/encoder_raw.go:107.41,110.2 2 0
github.com/xaionaro-go/avpipeline/codec/frame.go:20.64,21.62 1 0
github.com/xaionaro-go/avpipeline/codec/frame.go:21.62,23.3 1 0
github.com/xaionaro-go/avpipeline/codec/frame.go:24.2,25.92 2 0
github.com/xaionaro-go/avpipeline/codec/frame.go:25.92,27.3 1 0
github.com/xaionaro-go/avpipeline/codec/frame.go:28.2,28.52 1 0
github.com/xaionaro-go/avpipeline/codec/frame.go:31.42,32.57 1 0
github.com/xaionaro-go/avpipeline/codec/frame.go:32.57,34.3 1 0
github.com/xaionaro-go/avpipeline/codec/frame.go:35.2,35.71 1 0
github.com/xaionaro-go/avpipeline/codec/frame.go:38.41,39.57 1 0
github.com/xaionaro-go/avpipeline/codec/frame.go:39.57,41.3 1 0
github.com/xaionaro-go/avpipeline/codec/frame.go:42.2,42.23 1 0
github.com/xaionaro-go/avpipeline/codec/frame.go:45.47,46.88 1 0
github.com/xaionaro-go/avpipeline/codec/frame.go:46.88,48.3 1 0
github.com/xaionaro-go/avpipeline/codec/frame.go:49.2,49.83 1 0
github.com/xaionaro-go/avpipeline/codec/frame.go:52.51,53.22 1 0
github.com/xaionaro-go/avpipeline/codec/frame.go:53.22,55.3 1 0
github.com/xaionaro-go/avpipeline/codec/frame.go:56.2,56.46 1 0
github.com/xaionaro-go/avpipeline/codec/frame.go:56.46,58.3 1 0
github.com/xaionaro-go/avpipeline/codec/frame.go:60.2,60.20 1 0
github.com/xaionaro-go/avpipeline/codec/frame.go:60.20,62.3 1 0
github.com/xaionaro-go/avpipeline/codec/frame.go:63.2,63.62 1 0
github.com/xaionaro-go/avpipeline/codec/frame.go:63.62,65.3 1 0
github.com/xaionaro-go/avpipeline/codec/frame.go:67.2,67.65 1 0
github.com/xaionaro-go/avpipeline/codec/frame.go:67.65,69.3 1 0
github.com/xaionaro-go/avpipeline/codec/frame.go:71.2,74.12 4 0
github.com/xaionaro-go/avpipeline/codec/frame.go:77.59,80.2 2 0
github.com/xaionaro-go/avpipeline/codec/mime_type.go:11.40,13.70 2 0
github.com/xaionaro-go/avpipeline/codec/mime_type.go:13.70,14.48 1 0
github.com/xaionaro-go/avpipeline/codec/mime_type.go:14.48,16.4 1 0
github.com/xaionaro-go/avpipeline/codec/mime_type.go:18.2,18.15 1 0
github.com/xaionaro-go/avpipeline/codec/mime_type.go:21.45,22.36 1 0
github.com/xaionaro-go/avpipeline/codec/mime_type.go:23.26,24.32 1 0
github.com/xaionaro-go/avpipeline/codec/mime_type.go:25.26,26.46 1 0
github.com/xaionaro-go/avpipeline/codec/mime_type.go:27.25,28.31 1 0
github.com/xaionaro-go/avpipeline/codec/mime_type.go:29.27,30.35 1 0
github.com/xaionaro-go/avpipeline/codec/mime_type.go:31.32,32.32 1 0
github.com/xaionaro-go/avpipeline/codec/mime_type.go:33.25,34.31 1 0
github.com/xaionaro-go/avpipeline/codec/mime_type.go:35.25,36.31 1 0
github.com/xaionaro-go/avpipeline/codec/mime_type.go:37.26,38.32 1 0
github.com/xaionaro-go/avpipeline/codec/mime_type.go:39.48,40.37 1 0
github.com/xaionaro-go/avpipeline/codec/mime_type.go:41.44,42.32 1 0
github.com/xaionaro-go/avpipeline/codec/mime_type.go:43.26,44.32 1 0
github.com/xaionaro-go/avpipeline/codec/mime_type.go:45.28,46.34 1 0
github.com/xaionaro-go/avpipeline/codec/mime_type.go:47.26,48.32 1 0
github.com/xaionaro-go/avpipeline/codec/mime_type.go:49.25,50.31 1 0
github.com/xaionaro-go/avpipeline/codec/mime_type.go:51.30,52.32 1 0
github.com/xaionaro-go/avpipeline/codec/mime_type.go:53.29,54.32 1 0
github.com/xaionaro-go/avpipeline/codec/mime_type.go:55.54,56.31 1 0
github.com/xaionaro-go/avpipeline/codec/mime_type.go:58.2,58.12 1 0
github.com/xaionaro-go/avpipeline/codec/mime_type.go:61.45,62.36 1 0
github.com/xaionaro-go/avpipeline/codec/mime_type.go:63.26,64.21 1 0
github.com/xaionaro-go/avpipeline/codec/mime_type.go:65.26,66.22 1 0
github.com/xaionaro-go/avpipeline/codec/mime_type.go:67.25,68.22 1 0
github.com/xaionaro-go/avpipeline/codec/mime_type.go:69.27,70.25 1 0
github.com/xaionaro-go/avpipeline/codec/mime_type.go:71.32,72.23 1 0
github.com/xaionaro-go/avpipeline/codec/mime_type.go:73.25,74.31 1 0
github.com/xaionaro-go/avpipeline/codec/mime_type.go:75.25,76.31 1 0
github.com/xaionaro-go/avpipeline/codec/mime_type.go:77.26,78.22 1 0
github.com/xaionaro-go/avpipeline/codec/mime_type.go:79.48,80.27 1 0
github.com/xaionaro-go/avpipeline/codec/mime_type.go:81.25,82.22 1 0
github.com/xaionaro-go/avpipeline/codec/mime_type.go:83.26,84.22 1 0
github.com/xaionaro-go/avpipeline/codec/mime_type.go:85.28,86.24 1 0
github.com/xaionaro-go/avpipeline/codec/mime_type.go:87.26,88.22 1 0
github.com/xaionaro-go/avpipeline/codec/mime_type.go:89.25,90.21 1 0
github.com/xaionaro-go/avpipeline/codec/mime_type.go:91.27,92.22 1 0
github.com/xaionaro-go/avpipeline/codec/mime_type.go:93.27,94.24 1 0
github.com/xaionaro-go/avpipeline/codec/mime_type.go:95.30,96.27 1 0
github.com/xaionaro-go/avpipeline/codec/mime_type.go:97.29,98.27 1 0
github.com/xaionaro-go/avpipeline/codec/mime_type.go:101.50,102.21 1 0
github.com/xaionaro-go/avpipeline/codec/mime_type.go:104.2,104.11 1 0
github.com/xaionaro-go/avpipeline/codec/name.go:24.24,26.15 2 0
github.com/xaionaro-go/avpipeline/codec/name.go:26.15,26.96 1 0
github.com/xaionaro-go/avpipeline/codec/name.go:27.2,27.15 1 0
github.com/xaionaro-go/avpipeline/codec/name.go:27.15,29.3 1 0
github.com/xaionaro-go/avpipeline/codec/name.go:30.2,30.44 1 0
github.com/xaionaro-go/avpipeline/codec/name.go:36.15,38.15 2 0
github.com/xaionaro-go/avpipeline/codec/name.go:38.15,38.80 1 0
github.com/xaionaro-go/avpipeline/codec/name.go:39.2,39.11 1 0
github.com/xaionaro-go/avpipeline/codec/name.go:40.16,41.18 1 0
github.com/xaionaro-go/avpipeline/codec/name.go:42.15,43.17 1 0
github.com/xaionaro-go/avpipeline/codec/name.go:45.2,46.18 2 0
github.com/xaionaro-go/avpipeline/codec/name.go:46.18,48.3 1 0
github.com/xaionaro-go/avpipeline/codec/name.go:51.2,51.10 1 0
github.com/xaionaro-go/avpipeline/codec/name.go:58.15,60.15 2 0
github.com/xaionaro-go/avpipeline/codec/name.go:60.15,62.3 1 0
github.com/xaionaro-go/avpipeline/codec/name.go:63.2,63.22 1 0
github.com/xaionaro-go/avpipeline/codec/name.go:64.42,65.16 1 0
github.com/xaionaro-go/avpipeline/codec/name.go:65.16,67.4 1 0
github.com/xaionaro-go/avpipeline/codec/name.go:67.9,69.4 1 0
github.com/xaionaro-go/avpipeline/codec/name.go:70.10,71.47 1 0
github.com/xaionaro-go/avpipeline/codec/nil_packet.go:12.13,14.2 1 1
github.com/xaionaro-go/avpipeline/codec/platformspecific_other.go:14.69,16.15 2 0
github.com/xaionaro-go/avpipeline/codec/platformspecific_other.go:16.15,16.72 1 0
github.com/xaionaro-go/avpipeline/codec/quirks.go:13.42,15.2 1 0
github.com/xaionaro-go/avpipeline/codec/quirks.go:17.42,19.2 1 0
github.com/xaionaro-go/avpipeline/codec/quirks.go:21.35,23.2 1 0
github.com/xaionaro-go/avpipeline/codec/quirks.go:25.37,27.2 1 0
github.com/xaionaro-go/avpipeline/codec/quirks.go:29.33,32.2 2 0
github.com/xaionaro-go/avpipeline/codec/sample_format.go:12.68,14.11 2 1
github.com/xaionaro-go/avpipeline/codec/sample_format.go:15.12,16.36 1 1
github.com/xaionaro-go/avpipeline/codec/sample_format.go:17.13,18.37 1 0
github.com/xaionaro-go/avpipeline/codec/sample_format.go:19.13,20.37 1 0
github.com/xaionaro-go/avpipeline/codec/sample_format.go:21.14,22.38 1 1
github.com/xaionaro-go/avpipeline/codec/sample_format.go:23.13,24.37 1 0
github.com/xaionaro-go/avpipeline/codec/sample_format.go:25.14,26.38 1 0
github.com/xaionaro-go/avpipeline/codec/sample_format.go:27.13,28.37 1 0
github.com/xaionaro-go/avpipeline/codec/sample_format.go:29.14,30.38 1 0
github.com/xaionaro-go/avpipeline/codec/sample_format.go:31.13,32.37 1 0
github.com/xaionaro-go/avpipeline/codec/sample_format.go:33.14,34.38 1 1
github.com/xaionaro-go/avpipeline/codec/sample_format.go:35.13,36.37 1 0
github.com/xaionaro-go/avpipeline/codec/sample_format.go:37.14,38.38 1 0
github.com/xaionaro-go/avpipeline/codec/sample_format.go:41.2,41.81 1 1
github.com/xaionaro-go/avpipeline/codec/set_finalizer.go:14.3,16.2 1 0
github.com/xaionaro-go/avpipeline/codec/set_finalizer.go:22.3,24.2 1 0
